Starting tests...good luck:
Cisco IOS-XR (Azure)
============================= test session starts ==============================
platform linux -- Python 3.8.5, pytest-5.1.2, py-1.10.0, pluggy-0.13.1 -- /home/kbyers/netmiko/.venv/bin/python3.8
cachedir: .pytest_cache
rootdir: /home/kbyers/netmiko, inifile: setup.cfg
plugins: pylama-7.7.1
collecting ... collected 20 items

test_netmiko_show.py::test_disable_paging PASSED
test_netmiko_show.py::test_terminal_width PASSED
test_netmiko_show.py::test_ssh_connect PASSED
test_netmiko_show.py::test_ssh_connect_cm PASSED
test_netmiko_show.py::test_send_command_timing PASSED
test_netmiko_show.py::test_send_command_timing_no_cmd_verify SKIPPED
test_netmiko_show.py::test_send_command PASSED
test_netmiko_show.py::test_send_command_no_cmd_verify SKIPPED
test_netmiko_show.py::test_complete_on_space_disabled SKIPPED
test_netmiko_show.py::test_send_command_textfsm PASSED
test_netmiko_show.py::test_send_command_ttp SKIPPED
test_netmiko_show.py::test_send_command_genie PASSED
test_netmiko_show.py::test_base_prompt PASSED
test_netmiko_show.py::test_strip_prompt PASSED
test_netmiko_show.py::test_strip_command PASSED
test_netmiko_show.py::test_normalize_linefeeds PASSED
test_netmiko_show.py::test_clear_buffer PASSED
test_netmiko_show.py::test_enable_mode PASSED
test_netmiko_show.py::test_disconnect PASSED
test_netmiko_show.py::test_disconnect_no_enable PASSED

=========================== short test summary info ============================
SKIPPED [1] /home/kbyers/netmiko/tests/test_netmiko_show.py:68: <Skipped instance>
SKIPPED [1] /home/kbyers/netmiko/tests/test_netmiko_show.py:86: <Skipped instance>
SKIPPED [1] /home/kbyers/netmiko/tests/test_netmiko_show.py:108: <Skipped instance>
SKIPPED [1] /home/kbyers/netmiko/tests/test_netmiko_show.py:151: TTP template not existing for this platform
======================== 16 passed, 4 skipped in 46.20s ========================
============================= test session starts ==============================
platform linux -- Python 3.8.5, pytest-5.1.2, py-1.10.0, pluggy-0.13.1 -- /home/kbyers/netmiko/.venv/bin/python3.8
cachedir: .pytest_cache
rootdir: /home/kbyers/netmiko, inifile: setup.cfg
plugins: pylama-7.7.1
collecting ... collected 10 items

test_netmiko_config.py::test_ssh_connect PASSED
test_netmiko_config.py::test_enable_mode PASSED
test_netmiko_config.py::test_config_mode PASSED
test_netmiko_config.py::test_exit_config_mode PASSED
test_netmiko_config.py::test_config_set PASSED
test_netmiko_config.py::test_config_set_longcommand PASSED
test_netmiko_config.py::test_config_hostname PASSED
test_netmiko_config.py::test_config_from_file SKIPPED
test_netmiko_config.py::test_config_error_pattern PASSED
test_netmiko_config.py::test_disconnect PASSED

=========================== short test summary info ============================
SKIPPED [1] /home/kbyers/netmiko/tests/test_netmiko_config.py:113: <Skipped instance>
======================== 9 passed, 1 skipped in 17.21s =========================
============================= test session starts ==============================
platform linux -- Python 3.8.5, pytest-5.1.2, py-1.10.0, pluggy-0.13.1 -- /home/kbyers/netmiko/.venv/bin/python3.8
cachedir: .pytest_cache
rootdir: /home/kbyers/netmiko, inifile: setup.cfg
plugins: pylama-7.7.1
collecting ... collected 15 items

test_netmiko_commit.py::test_ssh_connect PASSED
test_netmiko_commit.py::test_config_mode PASSED
test_netmiko_commit.py::test_commit_base PASSED
test_netmiko_commit.py::test_commit_confirm PASSED
test_netmiko_commit.py::test_confirm_delay PASSED
test_netmiko_commit.py::test_no_confirm PASSED
test_netmiko_commit.py::test_clear_msg PASSED
test_netmiko_commit.py::test_commit_check SKIPPED
test_netmiko_commit.py::test_commit_comment PASSED
test_netmiko_commit.py::test_commit_andquit SKIPPED
test_netmiko_commit.py::test_commit_label PASSED
test_netmiko_commit.py::test_commit_label_comment PASSED
test_netmiko_commit.py::test_commit_label_confirm PASSED
test_netmiko_commit.py::test_exit_config_mode PASSED
test_netmiko_commit.py::test_disconnect PASSED

=========================== short test summary info ============================
SKIPPED [1] /home/kbyers/netmiko/tests_new/test_netmiko_commit.py:232: <Skipped instance>
SKIPPED [1] /home/kbyers/netmiko/tests_new/test_netmiko_commit.py:291: <Skipped instance>
================== 13 passed, 2 skipped in 193.45s (0:03:13) ===================
============================= test session starts ==============================
platform linux -- Python 3.8.5, pytest-5.1.2, py-1.10.0, pluggy-0.13.1 -- /home/kbyers/netmiko/.venv/bin/python3.8
cachedir: .pytest_cache
rootdir: /home/kbyers/netmiko, inifile: setup.cfg
plugins: pylama-7.7.1
collecting ... collected 1 item

test_netmiko_autodetect.py::test_ssh_connect cisco_xr
PASSED

============================== 1 passed in 7.64s ===============================
