Starting tests...good luck:
Arista EOS
============================= test session starts ==============================
platform linux -- Python 3.8.5, pytest-5.1.2, py-1.10.0, pluggy-0.13.1 -- /home/kbyers/netmiko/.venv/bin/python3.8
cachedir: .pytest_cache
rootdir: /home/kbyers/netmiko, inifile: setup.cfg
plugins: pylama-7.7.1
collecting ... collected 20 items

test_netmiko_show.py::test_disable_paging PASSED
test_netmiko_show.py::test_terminal_width PASSED
test_netmiko_show.py::test_ssh_connect PASSED
test_netmiko_show.py::test_ssh_connect_cm PASSED
test_netmiko_show.py::test_send_command_timing PASSED
test_netmiko_show.py::test_send_command_timing_no_cmd_verify SKIPPED
test_netmiko_show.py::test_send_command PASSED
test_netmiko_show.py::test_send_command_no_cmd_verify SKIPPED
test_netmiko_show.py::test_complete_on_space_disabled SKIPPED
test_netmiko_show.py::test_send_command_textfsm PASSED
test_netmiko_show.py::test_send_command_ttp SKIPPED
test_netmiko_show.py::test_send_command_genie SKIPPED
test_netmiko_show.py::test_base_prompt PASSED
test_netmiko_show.py::test_strip_prompt PASSED
test_netmiko_show.py::test_strip_command PASSED
test_netmiko_show.py::test_normalize_linefeeds PASSED
test_netmiko_show.py::test_clear_buffer PASSED
test_netmiko_show.py::test_enable_mode PASSED
test_netmiko_show.py::test_disconnect PASSED
test_netmiko_show.py::test_disconnect_no_enable PASSED

=========================== short test summary info ============================
SKIPPED [1] /home/kbyers/netmiko/tests/test_netmiko_show.py:68: <Skipped instance>
SKIPPED [1] /home/kbyers/netmiko/tests/test_netmiko_show.py:86: <Skipped instance>
SKIPPED [1] /home/kbyers/netmiko/tests/test_netmiko_show.py:108: <Skipped instance>
SKIPPED [1] /home/kbyers/netmiko/tests/test_netmiko_show.py:151: TTP template not existing for this platform
SKIPPED [1] /home/kbyers/netmiko/tests/test_netmiko_show.py:185: Genie not supported on this platform
======================== 15 passed, 5 skipped in 32.55s ========================
============================= test session starts ==============================
platform linux -- Python 3.8.5, pytest-5.1.2, py-1.10.0, pluggy-0.13.1 -- /home/kbyers/netmiko/.venv/bin/python3.8
cachedir: .pytest_cache
rootdir: /home/kbyers/netmiko, inifile: setup.cfg
plugins: pylama-7.7.1
collecting ... collected 2 items

test_netmiko_save.py::test_save_base PASSED
test_netmiko_save.py::test_disconnect PASSED

============================== 2 passed in 3.07s ===============================
============================= test session starts ==============================
platform linux -- Python 3.8.5, pytest-5.1.2, py-1.10.0, pluggy-0.13.1 -- /home/kbyers/netmiko/.venv/bin/python3.8
cachedir: .pytest_cache
rootdir: /home/kbyers/netmiko, inifile: setup.cfg
plugins: pylama-7.7.1
collecting ... collected 10 items

test_netmiko_config.py::test_ssh_connect PASSED
test_netmiko_config.py::test_enable_mode PASSED
test_netmiko_config.py::test_config_mode PASSED
test_netmiko_config.py::test_exit_config_mode PASSED
test_netmiko_config.py::test_config_set PASSED
test_netmiko_config.py::test_config_set_longcommand PASSED
test_netmiko_config.py::test_config_hostname PASSED
test_netmiko_config.py::test_config_from_file SKIPPED
test_netmiko_config.py::test_config_error_pattern PASSED
test_netmiko_config.py::test_disconnect PASSED

=========================== short test summary info ============================
SKIPPED [1] /home/kbyers/netmiko/tests/test_netmiko_config.py:113: <Skipped instance>
======================== 9 passed, 1 skipped in 13.39s =========================
============================= test session starts ==============================
platform linux -- Python 3.8.5, pytest-5.1.2, py-1.10.0, pluggy-0.13.1 -- /home/kbyers/netmiko/.venv/bin/python3.8
cachedir: .pytest_cache
rootdir: /home/kbyers/netmiko, inifile: setup.cfg
plugins: pylama-7.7.1
collecting ... collected 1 item

test_netmiko_config_acl.py::test_large_acl PASSED

============================== 1 passed in 27.23s ==============================
============================= test session starts ==============================
platform linux -- Python 3.8.5, pytest-5.1.2, py-1.10.0, pluggy-0.13.1 -- /home/kbyers/netmiko/.venv/bin/python3.8
cachedir: .pytest_cache
rootdir: /home/kbyers/netmiko, inifile: setup.cfg
plugins: pylama-7.7.1
collecting ... collected 12 items

test_netmiko_scp.py::test_scp_put PASSED
test_netmiko_scp.py::test_remote_space_available PASSED
test_netmiko_scp.py::test_local_space_available PASSED
test_netmiko_scp.py::test_verify_space_available_put PASSED
test_netmiko_scp.py::test_remote_file_size PASSED
test_netmiko_scp.py::test_md5_methods PASSED
test_netmiko_scp.py::test_disconnect PASSED
test_netmiko_scp.py::test_verify_space_available_get PASSED
test_netmiko_scp.py::test_scp_get PASSED
test_netmiko_scp.py::test_md5_methods_get PASSED
test_netmiko_scp.py::test_disconnect_get PASSED
test_netmiko_scp.py::test_file_transfer PASSED

============================= 12 passed in 50.97s ==============================
============================= test session starts ==============================
platform linux -- Python 3.8.5, pytest-5.1.2, py-1.10.0, pluggy-0.13.1 -- /home/kbyers/netmiko/.venv/bin/python3.8
cachedir: .pytest_cache
rootdir: /home/kbyers/netmiko, inifile: setup.cfg
plugins: pylama-7.7.1
collecting ... collected 1 item

test_netmiko_autodetect.py::test_ssh_connect arista_eos
PASSED

============================== 1 passed in 7.41s ===============================
